---
source: tui/src/chatwidget/tests.rs
expression: popup
---
  Select Model and Effort
  Switch the model for this and future Codexist CLI sessions

› 1. gpt-5-codexist (current)  Optimized for codexist.
  2. gpt-5                  Broad world knowledge with strong general
                            reasoning.

  Press enter to select reasoning effort, or esc to dismiss.
